// Jest Snapshot v1, https://goo.gl/fbAQLP

exports[`BadIp full snapshot rendering 1`] = `
<BadIp>
  <div
    className="features-icons-item mx-auto mb-5 mb-lg-0 mb-lg-3"
  >
    <h4 />
    <div
      className="features-icons-icon d-flex"
    >
      <i
        className="fa fa-ban m-auto"
        style={
          Object {
            "color": "red",
          }
        }
      />
    </div>
    <h5
      style={
        Object {
          "color": "red",
        }
      }
    >
      WARNING!
    </h5>
    <p
      className="mb-0"
    >
      The IP was found in at least one blacklist!
    </p>
  </div>
</BadIp>
`;
